// Jest Snapshot v1, https://goo.gl/fbAQLP

exports[`Genero deve possuir estrutura definida  1`] = `
<combobox
  divClasse=""
  id="13"
  itens={
    Array [
      "Feminino",
      "Masculino",
    ]
  }
  label="GÃªnero"
  onChange={[Function]}
  state="genero"
  valorPadrao="Selecione"
/>
`;
